C51 COMPILER V9.51   GLOBALS                                                               06/30/2017 11:55:50 PAGE 1   


C51 COMPILER V9.51, COMPILATION OF MODULE GLOBALS
OBJECT MODULE PLACED IN .\DP8051_Keil_951\Release\globals.obj
COMPILER INVOKED BY: C:\Program Files (x86)\Cypress\PSoC Creator\3.3\PSoC Creator\import\keil\pk51\9.51\C51\BIN\c51.exe 
                    -.\globals.c NOIV LARGE MODDP2 OMF2 VB(1) NOIP INCDIR(.,Generated_Source\PSoC3) FF(3) DB DF(NDEBUG) WL(2) PR(.\DP8051_Kei
                    -l_951\Release/globals.lst) CD OT(8,SPEED) OJ(.\DP8051_Keil_951\Release\globals.obj)

line level    source

*** MESSAGE C286 IN LINE 0 OF (null): license limits optimization to level 5
   1          // ----------------------------------------------------------------------------
   2          // BSD 3-Clause License
   3          
   4          // Copyright (c) 2016, qbrobotics
   5          // Copyright (c) 2017, Centro "E.Piaggio"
   6          // All rights reserved.
   7          
   8          // Redistribution and use in source and binary forms, with or without
   9          // modification, are permitted provided that the following conditions are met:
  10          
  11          // * Redistributions of source code must retain the above copyright notice, this
  12          //   list of conditions and the following disclaimer.
  13          
  14          // * Redistributions in binary form must reproduce the above copyright notice,
  15          //   this list of conditions and the following disclaimer in the documentation
  16          //   and/or other materials provided with the distribution.
  17          
  18          // * Neither the name of the copyright holder nor the names of its
  19          //   contributors may be used to endorse or promote products derived from
  20          //   this software without specific prior written permission.
  21          
  22          // THIS SOFTWARE IS PROVIDED BY THE COPYRIGHT HOLDERS AND CONTRIBUTORS "AS IS"
  23          // AND ANY EXPRESS OR IMPLIED WARRANTIES, INCLUDING, BUT NOT LIMITED TO, THE
  24          // IMPLIED WARRANTIES OF MERCHANTABILITY AND FITNESS FOR A PARTICULAR PURPOSE ARE
  25          // DISCLAIMED. IN NO EVENT SHALL THE COPYRIGHT HOLDER OR CONTRIBUTORS BE LIABLE
  26          // FOR ANY DIRECT, INDIRECT, INCIDENTAL, SPECIAL, EXEMPLARY, OR CONSEQUENTIAL
  27          // DAMAGES (INCLUDING, BUT NOT LIMITED TO, PROCUREMENT OF SUBSTITUTE GOODS OR
  28          // SERVICES; LOSS OF USE, DATA, OR PROFITS; OR BUSINESS INTERRUPTION) HOWEVER
  29          // CAUSED AND ON ANY THEORY OF LIABILITY, WHETHER IN CONTRACT, STRICT LIABILITY,
  30          // OR TORT (INCLUDING NEGLIGENCE OR OTHERWISE) ARISING IN ANY WAY OUT OF THE USE
  31          // OF THIS SOFTWARE, EVEN IF ADVISED OF THE POSSIBILITY OF SUCH DAMAGE.
  32          // POSSIBILITY OF SUCH DAMAGE.
  33          // ----------------------------------------------------------------------------
  34          
  35          /**
  36          * \file         globals.c
  37          *
  38          * \brief        Global variables.
  39          * \date         June 06, 2016
  40          * \author       _qbrobotics_
  41          * \copyright    (C) 2012-2016 qbrobotics. All rights reserved.
  42          * \copyright    (C) 2017 Centro "E.Piaggio". All rights reserved.
  43          */
  44          
  45          //=================================================================     includes
  46          #include <globals.h>
  47          
  48          //=============================================      global variables definition
  49          
  50          
  51          struct st_ref   g_ref, g_refNew, g_refOld;  // motor variables
  52          struct st_meas  g_meas, g_measOld;          // measurements
C51 COMPILER V9.51   GLOBALS                                                               06/30/2017 11:55:50 PAGE 2   

  53          struct st_data  g_rx;                       // income data
  54          struct st_mem   g_mem, c_mem;               // memory
  55          struct st_calib calib;
  56          
  57          float tau_feedback;
  58          
  59          // Timer value for debug field
  60          
  61          uint32 timer_value;
  62          uint32 timer_value0;
  63          float cycle_time;
  64          
  65          // Device Data
  66          
  67          int32   dev_tension;                // Power supply tension
  68          uint8   dev_pwm_limit;
  69          
  70          // Bit Flag
  71          
  72          CYBIT reset_last_value_flag;
  73          CYBIT tension_valid;
  74          CYBIT interrupt_flag = FALSE;
  75          CYBIT watchdog_flag = FALSE;
  76          
  77          // DMA Buffer
  78          
  79          int16 ADC_buf[4]; 
  80          
  81          // PWM value
  82          int8 pwm_sign;
  83          
  84          // NO/NC mod. version
  85          uint8 normally_closed_mode = 0;              // Korea hand has normally opened mode at startup
  86          handle_status CYDATA h_status;
  87          
  88          /* END OF FILE */
C51 COMPILER V9.51   GLOBALS                                                               06/30/2017 11:55:50 PAGE 3   

ASSEMBLY LISTING OF GENERATED OBJECT CODE




MODULE INFORMATION:   STATIC OVERLAYABLE
   CODE SIZE        =   ----    ----
   CONSTANT SIZE    =   ----    ----
   XDATA SIZE       =    663    ----
   PDATA SIZE       =   ----    ----
   DATA SIZE        =      1    ----
   IDATA SIZE       =   ----    ----
   BIT SIZE         =      4    ----
   EDATA SIZE       =   ----    ----
   HDATA SIZE       =   ----    ----
   XDATA CONST SIZE =   ----    ----
   FAR CONST SIZE   =   ----    ----
END OF MODULE INFORMATION.


C51 COMPILATION COMPLETE.  0 WARNING(S),  0 ERROR(S)
